{"time":"2026-09-05T14:19:08.6889+08:00","level":"WARN","msg":"glm plugin poll failed for 75f0f1ad-f7ea-46a6-a9db-8b7b51823a46: cipher: message authentication failed","module":"accountquota"}
{"time":"2026-09-05T14:19:08.688915+08:00","level":"WARN","msg":"antigravity plugin poll failed for bbae1ea2-18f5-4991-959a-ac96c67ee458: cipher: message authentication failed","module":"accountquota"}
{"time":"2026-09-05T14:19:08.688915+08:00","level":"WARN","msg":"mimo plugin poll failed for 5fb5c236-f55f-456e-90a3-85e818c84284: cipher: message authentication failed","module":"accountquota"}
{"time":"2026-09-05T14:19:08.688932+08:00","level":"WARN","msg":"minimax plugin poll failed for 3e3f9165-4732-4250-8460-4358863322b4: cipher: message authentication failed","module":"accountquota"}
{"time":"2026-09-05T14:19:23.688081+08:00","level":"WARN","msg":"token for d1568092-0ed0-474e-88a7-f8d023db2887 failed: cipher: message authentication failed","module":"accountmodels"}
{"time":"2026-09-05T14:19:23.688081+08:00","level":"WARN","msg":"token for 3e3f9165-4732-4250-8460-4358863322b4 failed: cipher: message authentication failed","module":"accountmodels"}
{"time":"2026-09-05T14:19:23.6881+08:00","level":"WARN","msg":"token for 5fb5c236-f55f-456e-90a3-85e818c84284 failed: cipher: message authentication failed","module":"accountmodels"}
{"time":"2026-09-05T14:19:23.688119+08:00","level":"WARN","msg":"token for 75f0f1ad-f7ea-46a6-a9db-8b7b51823a46 failed: cipher: message authentication failed","module":"accountmodels"}
{"time":"2026-09-05T14:19:23.688136+08:00","level":"WARN","msg":"token for bbae1ea2-18f5-4991-959a-ac96c67ee458 failed: cipher: message authentication failed","module":"accountmodels"}
{"time":"2026-09-05T14:20:38.587406+08:00","level":"INFO","msg":"cataloged 1 probe-advertised model(s)","module":"catalog"}
{"time":"2026-09-05T14:21:53.689914+08:00","level":"WARN","msg":"minimax plugin poll failed for 3e3f9165-4732-4250-8460-4358863322b4: cipher: message authentication failed","module":"accountquota"}
{"time":"2026-09-05T14:21:53.689927+08:00","level":"WARN","msg":"antigravity plugin poll failed for bbae1ea2-18f5-4991-959a-ac96c67ee458: cipher: message authentication failed","module":"accountquota"}
{"time":"2026-09-05T14:21:53.689943+08:00","level":"WARN","msg":"mimo plugin poll failed for 5fb5c236-f55f-456e-90a3-85e818c84284: cipher: message authentication failed","module":"accountquota"}
{"time":"2026-09-05T14:23:14.752032+08:00","level":"WARN","msg":"router snapshot disagrees with the live schedulable set for provider opencode — some path changed accounts without recompiling (absent from snapshot: ; absent from live: d1568092-0ed0-474e-88a7-f8d023db2887)","module":"controlplane"}
{"time":"2026-09-05T14:23:22.45911+08:00","level":"WARN","msg":"routing req=48eb1caa-4933-42ac-a48d-b081313fdde3 model=GLM-5.3-Flash alias=glm-5.3-flash gen=25 status=400 offerings=[glm] pick=ce2f2b6b-3fa3-412b-9e81-860a031427fd by=round_robin attempts=[glm/ce2f2b6b-3fa3-412b-9e81-860a031427fd/direct 400 REQUEST passthrough] settle=in:0 out:0 FAILED","module":"routing"}
{"time":"2026-09-05T14:33:32.357983+08:00","level":"WARN","msg":"token for d1568092-0ed0-474e-88a7-f8d023db2887 failed: cipher: message authentication failed","module":"accountmodels"}
{"time":"2026-09-05T14:33:54.671008+08:00","level":"WARN","msg":"router snapshot disagrees with the live schedulable set for provider opencode — some path changed accounts without recompiling (absent from snapshot: ; absent from live: d1568092-0ed0-474e-88a7-f8d023db2887)","module":"controlplane"}
{"time":"2026-09-05T14:34:18.099399+08:00","level":"WARN","msg":"router snapshot disagrees with the live schedulable set for provider opencode — some path changed accounts without recompiling (absent from snapshot: ; absent from live: d1568092-0ed0-474e-88a7-f8d023db2887)","module":"controlplane"}
{"time":"2026-09-05T14:34:20.602379+08:00","level":"WARN","msg":"routing req=6e3ac25c-de29-4d7c-8387-a192281d75c0 model=GLM-5.3-Flash alias=glm-5.3-flash gen=18 status=400 offerings=[glm] pick=ce2f2b6b-3fa3-412b-9e81-860a031427fd by=round_robin attempts=[glm/ce2f2b6b-3fa3-412b-9e81-860a031427fd/direct 400 REQUEST passthrough] settle=in:0 out:0 FAILED","module":"routing"}
{"time":"2026-09-05T14:36:25.559528+08:00","level":"WARN","msg":"routing req=258b757f-651a-439d-86dc-0002224a6cf6 model=GLM-5.3-Flash alias=glm-5.3-flash gen=24 status=400 offerings=[glm] pick=ce2f2b6b-3fa3-412b-9e81-860a031427fd by=round_robin bound attempts=[glm/ce2f2b6b-3fa3-412b-9e81-860a031427fd/direct 400 REQUEST passthrough] settle=in:0 out:0 FAILED","module":"routing"}
{"time":"2026-09-05T14:41:42.218707+08:00","level":"WARN","msg":"router snapshot disagrees with the live schedulable set for provider opencode — some path changed accounts without recompiling (absent from snapshot: ; absent from live: d1568092-0ed0-474e-88a7-f8d023db2887)","module":"controlplane"}
{"time":"2026-09-05T14:41:42.570028+08:00","level":"WARN","msg":"routing req=c18247b2-a506-4ee7-99de-6c03b70fedb3 model=GLM-5.3-Flash alias=glm-5.3-flash gen=1 status=400 offerings=[glm] pick=ce2f2b6b-3fa3-412b-9e81-860a031427fd by=round_robin attempts=[glm/ce2f2b6b-3fa3-412b-9e81-860a031427fd/direct 400 REQUEST passthrough] settle=in:0 out:0 FAILED","module":"routing"}
{"time":"2026-09-05T14:42:07.028021+08:00","level":"WARN","msg":"routing req=d8beeadb-4f27-4be7-9b11-e10d025cf3c8 model=GLM-5.3-Flash alias=glm-5.3-flash gen=1 status=400 offerings=[glm] pick=ce2f2b6b-3fa3-412b-9e81-860a031427fd by=round_robin attempts=[glm/ce2f2b6b-3fa3-412b-9e81-860a031427fd/direct 400 REQUEST passthrough] settle=in:0 out:0 FAILED","module":"routing"}
{"time":"2026-09-05T14:42:08.742473+08:00","level":"WARN","msg":"token for d1568092-0ed0-474e-88a7-f8d023db2887 failed: cipher: message authentication failed","module":"accountmodels"}
{"time":"2026-09-05T14:45:08.698435+08:00","level":"WARN","msg":"token for d1568092-0ed0-474e-88a7-f8d023db2887 failed: cipher: message authentication failed","module":"accountmodels"}
{"time":"2026-09-05T14:45:45.571622+08:00","level":"WARN","msg":"router snapshot disagrees with the live schedulable set for provider opencode — some path changed accounts without recompiling (absent from snapshot: ; absent from live: d1568092-0ed0-474e-88a7-f8d023db2887)","module":"controlplane"}
{"time":"2026-09-05T15:14:38.705893+08:00","level":"WARN","msg":"token for d1568092-0ed0-474e-88a7-f8d023db2887 failed: cipher: message authentication failed","module":"accountmodels"}
{"time":"2026-09-05T15:33:03.50258+08:00","level":"WARN","msg":"token for d1568092-0ed0-474e-88a7-f8d023db2887 failed: cipher: message authentication failed","module":"accountmodels"}
{"time":"2026-09-05T16:01:11.383669+08:00","level":"WARN","msg":"token for d1568092-0ed0-474e-88a7-f8d023db2887 failed: cipher: message authentication failed","module":"accountmodels"}
{"time":"2026-09-05T16:08:15.983314+08:00","level":"WARN","msg":"token for d1568092-0ed0-474e-88a7-f8d023db2887 failed: cipher: message authentication failed","module":"accountmodels"}
{"time":"2026-09-05T16:37:46.003238+08:00","level":"WARN","msg":"token for d1568092-0ed0-474e-88a7-f8d023db2887 failed: cipher: message authentication failed","module":"accountmodels"}
{"time":"2026-09-05T17:07:45.996063+08:00","level":"WARN","msg":"token for d1568092-0ed0-474e-88a7-f8d023db2887 failed: cipher: message authentication failed","module":"accountmodels"}
{"time":"2026-09-05T17:11:55.509283+08:00","level":"WARN","msg":"scheduled marketplace sync failed: registry local: plugin index: Get \"http://127.0.0.1:18081/index.json\": dial tcp 127.0.0.1:18081: connect: connection refused","module":"plugins-market"}
{"time":"2026-09-05T17:37:46.008341+08:00","level":"WARN","msg":"token for d1568092-0ed0-474e-88a7-f8d023db2887 failed: cipher: message authentication failed","module":"accountmodels"}
